Archive member included because of file (symbol)

//psf/home/documents/windows/robotics/programs/mplab_ide_v8_56/mplab c30 compiler/bin/../lib\libpic30-coff.a(crt1.o)
                              (_resetALT)
//psf/home/documents/windows/robotics/programs/mplab_ide_v8_56/mplab c30 compiler/bin/../lib\libpic30-coff.a(crt0.o)
                              (_resetPRI)
//psf/home/documents/windows/robotics/programs/mplab_ide_v8_56/mplab c30 compiler/bin/../lib\libm-coff.a(mulsf3.o)
                              motor_control.o (__mulsf3)
//psf/home/documents/windows/robotics/programs/mplab_ide_v8_56/mplab c30 compiler/bin/../lib\libm-coff.a(divsf3.o)
                              motor_control.o (__divsf3)
//psf/home/documents/windows/robotics/programs/mplab_ide_v8_56/mplab c30 compiler/bin/../lib\libm-coff.a(floorf.o)
                              motor_control.o (floorf)
//psf/home/documents/windows/robotics/programs/mplab_ide_v8_56/mplab c30 compiler/bin/../lib\libm-coff.a(fixsfsi.o)
                              motor_control.o (__fixsfsi)
//psf/home/documents/windows/robotics/programs/mplab_ide_v8_56/mplab c30 compiler/bin/../lib\libm-coff.a(floatsisf.o)
                              motor_control.o (__floatsisf)
//psf/home/documents/windows/robotics/programs/mplab_ide_v8_56/mplab c30 compiler/bin/../lib\libm-coff.a(fixunssfsi.o)
                              ircomSend.o (__fixunssfsi)
//psf/home/documents/windows/robotics/programs/mplab_ide_v8_56/mplab c30 compiler/bin/../lib\libm-coff.a(feqltle.o)
                              ircomTools.o (__ltsf2)
//psf/home/documents/windows/robotics/programs/mplab_ide_v8_56/mplab c30 compiler/bin/../lib\libm-coff.a(addsf3.o)
                              ircomTools.o (__subsf3)
//psf/home/documents/windows/robotics/programs/mplab_ide_v8_56/mplab c30 compiler/bin/../lib\libm-coff.a(fgtge.o)
                              receiver.o (__gtsf2)
//psf/home/documents/windows/robotics/programs/mplab_ide_v8_56/mplab c30 compiler/bin/../lib\libm-coff.a(fne.o)
                              findGreen.o (__nesf2)
//psf/home/documents/windows/robotics/programs/mplab_ide_v8_56/mplab c30 compiler/bin/../lib\libm-coff.a(divsi3.o)
                              e_po3030k_registers.o (__divsi3)
//psf/home/documents/windows/robotics/programs/mplab_ide_v8_56/mplab c30 compiler/bin/../lib\libm-coff.a(funpack2.o)
                              //psf/home/documents/windows/robotics/programs/mplab_ide_v8_56/mplab c30 compiler/bin/../lib\libm-coff.a(mulsf3.o) (_funpack2)
//psf/home/documents/windows/robotics/programs/mplab_ide_v8_56/mplab c30 compiler/bin/../lib\libm-coff.a(futil.o)
                              //psf/home/documents/windows/robotics/programs/mplab_ide_v8_56/mplab c30 compiler/bin/../lib\libm-coff.a(mulsf3.o) (_fPropagateNaN)
//psf/home/documents/windows/robotics/programs/mplab_ide_v8_56/mplab c30 compiler/bin/../lib\libm-coff.a(fpack.o)
                              //psf/home/documents/windows/robotics/programs/mplab_ide_v8_56/mplab c30 compiler/bin/../lib\libm-coff.a(mulsf3.o) (_fpack)
//psf/home/documents/windows/robotics/programs/mplab_ide_v8_56/mplab c30 compiler/bin/../lib\libm-coff.a(fchop.o)
                              //psf/home/documents/windows/robotics/programs/mplab_ide_v8_56/mplab c30 compiler/bin/../lib\libm-coff.a(floorf.o) (_fchop)
//psf/home/documents/windows/robotics/programs/mplab_ide_v8_56/mplab c30 compiler/bin/../lib\libm-coff.a(funpack.o)
                              //psf/home/documents/windows/robotics/programs/mplab_ide_v8_56/mplab c30 compiler/bin/../lib\libm-coff.a(fixsfsi.o) (_funpack)
//psf/home/documents/windows/robotics/programs/mplab_ide_v8_56/mplab c30 compiler/bin/../lib\libm-coff.a(fcompare.o)
                              //psf/home/documents/windows/robotics/programs/mplab_ide_v8_56/mplab c30 compiler/bin/../lib\libm-coff.a(feqltle.o) (_fcompare)
//psf/home/documents/windows/robotics/programs/mplab_ide_v8_56/mplab c30 compiler/bin/../lib\libm-coff.a(udivsi3.o)
                              //psf/home/documents/windows/robotics/programs/mplab_ide_v8_56/mplab c30 compiler/bin/../lib\libm-coff.a(divsi3.o) (__udivsi3)
//psf/home/documents/windows/robotics/programs/mplab_ide_v8_56/mplab c30 compiler/bin/../lib\libc-coff.a(sprintf.io)
                              utility.o (_isprintf)
//psf/home/documents/windows/robotics/programs/mplab_ide_v8_56/mplab c30 compiler/bin/../lib\libc-coff.a(strlen.o)
                              utility.o (strlen)
//psf/home/documents/windows/robotics/programs/mplab_ide_v8_56/mplab c30 compiler/bin/../lib\libc-coff.a(malloc.o)
                              e_agenda.o (malloc)
//psf/home/documents/windows/robotics/programs/mplab_ide_v8_56/mplab c30 compiler/bin/../lib\libc-coff.a(exit.o)
                              e_agenda.o (exit)
//psf/home/documents/windows/robotics/programs/mplab_ide_v8_56/mplab c30 compiler/bin/../lib\libc-coff.a(free.o)
[...]
Memory Configuration

Name             Origin             Length             Attributes
data             0x000800           0x001fa0           a !xr
program          0x000100           0x017f00           xr
reset            0x000000           0x000004  
ivt              0x000004           0x00007c  
aivt             0x000084           0x00007c  
__FOSC           0xf80000           0x000002  
__FWDT           0xf80002           0x000002  
__FBORPOR        0xf80004           0x000002  
__FBS            0xf80006           0x000002  
__FSS            0xf80008           0x000002  
__FGS            0xf8000a           0x000002  
__FUID0          0x8005c0           0x000002  
__FUID1          0x8005c2           0x000002  
__FUID2          0x8005c4           0x000002  
__FUID3          0x8005c6           0x000002  
eedata           0x7ff000           0x001000  
*default*        0x000000           0xffffffff  

Linker script and memory map

LOAD main.o
LOAD motor_control.o
LOAD e_I2C_master_module.o
LOAD e_I2C_protocol.o
LOAD math.o
LOAD constants.o
LOAD aggression.o
LOAD e_lsm330.o
LOAD utility.o
LOAD e_agenda.o
LOAD e_led.o
LOAD e_motors.o
LOAD e_remote_control.o
LOAD curious.o
LOAD fear.o
LOAD love.o
LOAD e_ad_conv.o
LOAD ircom.o
LOAD ircomMessages.o
LOAD ircomReceive.o
LOAD ircomSend.o
LOAD ircomTools.o
LOAD btcom.o
LOAD emitter.o
LOAD global.o
LOAD e_uart1_tx_char.o
LOAD e_uart1_rx_char.o
LOAD e_init_uart1.o
LOAD e_init_port.o
LOAD receiver.o
LOAD packet.o
LOAD init.o
LOAD traverse.o
LOAD wall_follow.o
LOAD findGreen.o
LOAD e_calc_po3030k.o
LOAD e_calc_po6030k.o
LOAD e_calc_po8030d.o
LOAD e_common.o
LOAD e_po3030k_registers.o
LOAD e_po6030k_registers.o
LOAD e_po8030d_registers.o
LOAD e_timers.o
LOAD e_interrupt.o
                    0xf80000                  __FOSC = 0xf80000
                    0xf80002                  __FWDT = 0xf80002
                    0xf80004                  __FBORPOR = 0xf80004
                    0xf80006                  __FBS = 0xf80006
                    0xf80008                  __FSS = 0xf80008
                    0xf8000a                  __FGS = 0xf8000a
                    0x8005c0                  __FUID0 = 0x8005c0
                    0x8005c2                  __FUID1 = 0x8005c2
                    0x8005c4                  __FUID2 = 0x8005c4
                    0x8005c6                  __FUID3 = 0x8005c6
                    0x0000                  __RESET_BASE = 0x0
                    0x0004                  __IVT_BASE = 0x4
                    0x0084                  __AIVT_BASE = 0x84
                    0x0100                  __CODE_BASE = 0x100
                    0x0000                  __SFR_BASE = 0x0
                    0x0800                  __DATA_BASE = 0x800
                    0x1800                  __YDATA_BASE = 0x1800

.reset            0x000000          0x4
                  0x000000          0x2 SHORT 0x130 <code 336> (__reset)
                  0x000001          0x2 SHORT 0x4
                  0x000002          0x2 SHORT 0x0 ((<code 336> (__reset) >> 0x10) & 0x7f)
                  0x000003          0x2 SHORT 0x0

.text             0x000100       0x7ccc
 *(.handle)
 .handle          0x000100         0x30 jump_table
 *(.libc)
 .libc            0x000130         0x80 //psf/home/documents/windows/robotics/programs/mplab_ide_v8_56/mplab c30 compiler/bin/../lib\libpic30-coff.a(crt0.o)
                  0x000130                  _resetPRI
                  0x000130                  _reset
                  0x000144                  _psv_init
                  0x000154                  _data_init
 .libc            0x0001b0          0xe //psf/home/documents/windows/robotics/programs/mplab_ide_v8_56/mplab c30 compiler/bin/../lib\libc-coff.a(strlen.o)
                  0x0001b0                  strlen
 .libc            0x0001be         0xa2 //psf/home/documents/windows/robotics/programs/mplab_ide_v8_56/mplab c30 compiler/bin/../lib\libc-coff.a(malloc.o)
                  0x0001be                  malloc
 .libc            0x000260         0x24 //psf/home/documents/windows/robotics/programs/mplab_ide_v8_56/mplab c30 compiler/bin/../lib\libc-coff.a(exit.o)
                  0x000260                  exit
 .libc            0x000284         0x66 //psf/home/documents/windows/robotics/programs/mplab_ide_v8_56/mplab c30 compiler/bin/../lib\libc-coff.a(free.o)
                  0x000284                  free
 .libc            0x0002ea         0x2e //psf/home/documents/windows/robotics/programs/mplab_ide_v8_56/mplab c30 compiler/bin/../lib\libc-coff.a(sprintf.o)
                  0x0002ea                  sprintf.o:_prout
                  0x0002f6                  _isprintf
                  0x0002f6                  sprintf
 .libc            0x000318         0x12 //psf/home/documents/windows/robotics/programs/mplab_ide_v8_56/mplab c30 compiler/bin/../lib\libc-coff.a(memcpy.o)
                  0x000318                  memcpy
 .libc            0x00032a          0xe //psf/home/documents/windows/robotics/programs/mplab_ide_v8_56/mplab c30 compiler/bin/../lib\libc-coff.a(xgetmem.o)
                  0x00032a                  _Getmem
 .libc            0x000338        0x170 //psf/home/documents/windows/robotics/programs/mplab_ide_v8_56/mplab c30 compiler/bin/../lib\libc-coff.a(xprintf.o)
                  0x000338                  _Printf
                  0x000338                  __iPrintf
 .libc            0x0004a8          0xa //psf/home/documents/windows/robotics/programs/mplab_ide_v8_56/mplab c30 compiler/bin/../lib\libc-coff.a(xvacopy.o)
                  0x0004a8                  _Vacopy
 .libc            0x0004b2         0x10 //psf/home/documents/windows/robotics/programs/mplab_ide_v8_56/mplab c30 compiler/bin/../lib\libc-coff.a(strchr.o)
                  0x0004b2                  strchr
 .libc            0x0004c2        0x194 //psf/home/documents/windows/robotics/programs/mplab_ide_v8_56/mplab c30 compiler/bin/../lib\libc-coff.a(xputtxt.o)
                  0x0004c2                  _Puttxt
 .libc            0x000656        0x30a //psf/home/documents/windows/robotics/programs/mplab_ide_v8_56/mplab c30 compiler/bin/../lib\libc-coff.a(xputfld.o)
                  0x000656                  __iPutfld
                  0x000656                  _Putfld
 .libc            0x000960        0x166 //psf/home/documents/windows/robotics/programs/mplab_ide_v8_56/mplab c30 compiler/bin/../lib\libc-coff.a(xlitob.o)
                  0x000960                  _Litob
 .libc            0x000ac6         0x14 //psf/home/documents/windows/robotics/programs/mplab_ide_v8_56/mplab c30 compiler/bin/../lib\libc-coff.a(memchr.o)
                  0x000ac6                  memchr
 .libc            0x000ada        0x454 //psf/home/documents/windows/robotics/programs/mplab_ide_v8_56/mplab c30 compiler/bin/../lib\libc-coff.a(xldtob.o)
                  0x000ada                  _Ldtob
 .libc            0x000f2e         0x58 //psf/home/documents/windows/robotics/programs/mplab_ide_v8_56/mplab c30 compiler/bin/../lib\libc-coff.a(xldunsca.o)
                  0x000f2e                  _LDunscale
 .libc            0x000f86         0xf8 //psf/home/documents/windows/robotics/programs/mplab_ide_v8_56/mplab c30 compiler/bin/../lib\libc-coff.a(xldscale.o)
                  0x000f86                  _LDscale
 .libc            0x00107e         0x34 //psf/home/documents/windows/robotics/programs/mplab_ide_v8_56/mplab c30 compiler/bin/../lib\libc-coff.a(ldiv.o)
                  0x00107e                  ldiv
 .libc            0x0010b2        0x268 //psf/home/documents/windows/robotics/programs/mplab_ide_v8_56/mplab c30 compiler/bin/../lib\libc-coff.a(xgenld.o)
                  0x0010b2                  _Genld
 .libc            0x00131a         0xf2 //psf/home/documents/windows/robotics/programs/mplab_ide_v8_56/mplab c30 compiler/bin/../lib\libc-coff.a(xdnorm.o)
                  0x00131a                  _Dnorm
 .libc            0x00140c         0x16 //psf/home/documents/windows/robotics/programs/mplab_ide_v8_56/mplab c30 compiler/bin/../lib\libc-coff.a(div.o)
                  0x00140c                  div
 .libc            0x001422         0x10 //psf/home/documents/windows/robotics/programs/mplab_ide_v8_56/mplab c30 compiler/bin/../lib\libpic30-coff.a(_exit.o)
                  0x001422                  _exit
 .libc            0x001432         0x2c //psf/home/documents/windows/robotics/programs/mplab_ide_v8_56/mplab c30 compiler/bin/../lib\libpic30-coff.a(sbrk.o)
                  0x001432                  sbrk
 .libc            0x00145e         0x1e //psf/home/documents/windows/robotics/programs/mplab_ide_v8_56/mplab c30 compiler/bin/../lib\libpic30-coff.a(brk.o)
                  0x00145e                  brk
 *(.libm)
 .libm            0x00147c         0x68 //psf/home/documents/windows/robotics/programs/mplab_ide_v8_56/mplab c30 compiler/bin/../lib\libm-coff.a(mulsf3.o)
                  0x00147c                  __mulsf3
 .libm            0x0014e4         0x84 //psf/home/documents/windows/robotics/programs/mplab_ide_v8_56/mplab c30 compiler/bin/../lib\libm-coff.a(divsf3.o)
                  0x0014e4                  __divsf3
 .libm            0x001568         0x10 //psf/home/documents/windows/robotics/programs/mplab_ide_v8_56/mplab c30 compiler/bin/../lib\libm-coff.a(floorf.o)
                  0x001568                  floorf
 .libm            0x001578         0x42 //psf/home/documents/windows/robotics/programs/mplab_ide_v8_56/mplab c30 compiler/bin/../lib\libm-coff.a(fixsfsi.o)
                  0x001578                  __fixsfsi
 .libm            0x0015ba         0x56 //psf/home/documents/windows/robotics/programs/mplab_ide_v8_56/mplab c30 compiler/bin/../lib\libm-coff.a(floatsisf.o)
                  0x0015ba                  __floatsisf
 .libm            0x001610         0x36 //psf/home/documents/windows/robotics/programs/mplab_ide_v8_56/mplab c30 compiler/bin/../lib\libm-coff.a(fixunssfsi.o)
                  0x001610                  __fixunssfsi
 .libm            0x001646          0x4 //psf/home/documents/windows/robotics/programs/mplab_ide_v8_56/mplab c30 compiler/bin/../lib\libm-coff.a(feqltle.o)
                  0x001646                  __eqsf2
                  0x001646                  __ltsf2
                  0x001646                  __lesf2
 .libm            0x00164a         0xbc //psf/home/documents/windows/robotics/programs/mplab_ide_v8_56/mplab c30 compiler/bin/../lib\libm-coff.a(addsf3.o)
                  0x00164a                  __subsf3
                  0x00164c                  __addsf3
 .libm            0x001706          0x4 //psf/home/documents/windows/robotics/programs/mplab_ide_v8_56/mplab c30 compiler/bin/../lib\libm-coff.a(fgtge.o)
                  0x001706                  __gesf2
                  0x001706                  __gtsf2
 .libm            0x00170a          0x4 //psf/home/documents/windows/robotics/programs/mplab_ide_v8_56/mplab c30 compiler/bin/../lib\libm-coff.a(fne.o)
                  0x00170a                  __nesf2
 .libm            0x00170e         0x1e //psf/home/documents/windows/robotics/programs/mplab_ide_v8_56/mplab c30 compiler/bin/../lib\libm-coff.a(divsi3.o)
                  0x00170e                  __divsi3
 .libm            0x00172c         0x10 //psf/home/documents/windows/robotics/programs/mplab_ide_v8_56/mplab c30 compiler/bin/../lib\libm-coff.a(funpack2.o)
                  0x00172c                  _funpack2
 .libm            0x00173c         0x20 //psf/home/documents/windows/robotics/programs/mplab_ide_v8_56/mplab c30 compiler/bin/../lib\libm-coff.a(futil.o)
                  0x00173c                  _fPropagateNaN
                  0x00174e                  _fbopExit
                  0x001756                  _fbopReturnNaN
 .libm            0x00175c         0x4c //psf/home/documents/windows/robotics/programs/mplab_ide_v8_56/mplab c30 compiler/bin/../lib\libm-coff.a(fpack.o)
                  0x00175c                  _fpack
 .libm            0x0017a8         0x4e //psf/home/documents/windows/robotics/programs/mplab_ide_v8_56/mplab c30 compiler/bin/../lib\libm-coff.a(fchop.o)
                  0x0017a8                  _fchop
 .libm            0x0017f6         0x2a //psf/home/documents/windows/robotics/programs/mplab_ide_v8_56/mplab c30 compiler/bin/../lib\libm-coff.a(funpack.o)
                  0x0017f6                  _funpack
 .libm            0x001820         0x36 //psf/home/documents/windows/robotics/programs/mplab_ide_v8_56/mplab c30 compiler/bin/../lib\libm-coff.a(fcompare.o)
                  0x001820                  _fcompare
 .libm            0x001856         0x20 //psf/home/documents/windows/robotics/programs/mplab_ide_v8_56/mplab c30 compiler/bin/../lib\libm-coff.a(udivsi3.o)
                  0x001856                  __udivsi3
 .libm            0x001876         0x3e //psf/home/documents/windows/robotics/programs/mplab_ide_v8_56/mplab c30 compiler/bin/../lib\libm-coff.a(extendsfdf.o)
                  0x001876                  __extendsfdf2
 .libm            0x0018b4        0x230 //psf/home/documents/windows/robotics/programs/mplab_ide_v8_56/mplab c30 compiler/bin/../lib\libm-coff.a(divmoddi3.o)
                  0x0018da                  __udivmoddi3
                  0x0019bc                  __udivdi3
                  0x0019ca                  __umoddi3
                  0x0019d2                  __divdi3
                  0x001a08                  __moddi3
 .libm            0x001ae4         0x5c //psf/home/documents/windows/robotics/programs/mplab_ide_v8_56/mplab c30 compiler/bin/../lib\libm-coff.a(muldi3.o)
                  0x001ae4                  __muldi3
 .libm            0x001b40          0xa //psf/home/documents/windows/robotics/programs/mplab_ide_v8_56/mplab c30 compiler/bin/../lib\libm-coff.a(deqltle.o)
                  0x001b40                  __eqdf2
                  0x001b40                  __ltdf2
                  0x001b40                  __ledf2
 .libm            0x001b4a         0x58 //psf/home/documents/windows/robotics/programs/mplab_ide_v8_56/mplab c30 compiler/bin/../lib\libm-coff.a(fixdfsi.o)
                  0x001b4a                  __fixdfsi
 .libm            0x001ba2          0x6 //psf/home/documents/windows/robotics/programs/mplab_ide_v8_56/mplab c30 compiler/bin/../lib\libm-coff.a(floatsidf.o)
                  0x001ba2                  __floatsidf
 .libm            0x001ba8          0x4 //psf/home/documents/windows/robotics/programs/mplab_ide_v8_56/mplab c30 compiler/bin/../lib\libm-coff.a(subdf3.o)
                  0x001ba8                  __subdf3
 .libm            0x001bac          0xa //psf/home/documents/windows/robotics/programs/mplab_ide_v8_56/mplab c30 compiler/bin/../lib\libm-coff.a(dgtge.o)
                  0x001bac                  __gtdf2
                  0x001bac                  __gedf2
 .libm            0x001bb6         0xea //psf/home/documents/windows/robotics/programs/mplab_ide_v8_56/mplab c30 compiler/bin/../lib\libm-coff.a(muldf3.o)
                  0x001bb6                  __muldf3
 .libm            0x001ca0         0xb4 //psf/home/documents/windows/robotics/programs/mplab_ide_v8_56/mplab c30 compiler/bin/../lib\libm-coff.a(divdf3.o)
                  0x001ca0                  __divdf3
 .libm            0x001d54          0xc //psf/home/documents/windows/robotics/programs/mplab_ide_v8_56/mplab c30 compiler/bin/../lib\libm-coff.a(mulsi3.o)
                  0x001d54                  __mulsi3
 .libm            0x001d60         0x44 //psf/home/documents/windows/robotics/programs/mplab_ide_v8_56/mplab c30 compiler/bin/../lib\libm-coff.a(umuldi3.o)
                  0x001d60                  __umuldi3
 .libm            0x001da4         0x52 //psf/home/documents/windows/robotics/programs/mplab_ide_v8_56/mplab c30 compiler/bin/../lib\libm-coff.a(dcompare.o)
                  0x001da4                  _dcompare
 .libm            0x001df6         0x4e //psf/home/documents/windows/robotics/programs/mplab_ide_v8_56/mplab c30 compiler/bin/../lib\libm-coff.a(dunpack.o)
                  0x001df6                  _dunpack
 .libm            0x001e44         0x32 //psf/home/documents/windows/robotics/programs/mplab_ide_v8_56/mplab c30 compiler/bin/../lib\libm-coff.a(dunpack2.o)
                  0x001e44                  _dunpack2
                  0x001e66                  _dreturnNaN
                  0x001e6c                  _dunpack2exit
 .libm            0x001e76         0x6e //psf/home/documents/windows/robotics/programs/mplab_ide_v8_56/mplab c30 compiler/bin/../lib\libm-coff.a(floatdidf.o)
                  0x001e76                  __floatdidf
 .libm            0x001ee4         0xfa //psf/home/documents/windows/robotics/programs/mplab_ide_v8_56/mplab c30 compiler/bin/../lib\libm-coff.a(adddf3.o)
                  0x001ee4                  __adddf3
 .libm            0x001fde         0x58 //psf/home/documents/windows/robotics/programs/mplab_ide_v8_56/mplab c30 compiler/bin/../lib\libm-coff.a(dpack.o)
                  0x001fde                  _dpack
 .libm            0x002036         0x24 //psf/home/documents/windows/robotics/programs/mplab_ide_v8_56/mplab c30 compiler/bin/../lib\libm-coff.a(dtype.o)
                  0x002036                  _dtype
 .libm            0x00205a         0x1c //psf/home/documents/windows/robotics/programs/mplab_ide_v8_56/mplab c30 compiler/bin/../lib\libm-coff.a(dpropagateNaN.o)
                  0x00205a                  _dPropagateNaN
 *(.libdsp)
 *(.lib*)
 *(.text)
 .text            0x002076        0x1d8 main.o
                  0x002076                  getSelector
                  0x0020ae                  main
 .text            0x00224e        0x1da motor_control.o
                  0x00224e                  stepsToRotate
                  0x002274                  DEGtoRAD
                  0x00228a                  normalise_speed
                  0x0022a8                  set_speed
                  0x0022ec                  set_wheel_speeds
                  0x002302                  stepsOver
                  0x002322                  waitForSteps
                  0x002336                  clearSteps
                  0x002344                  rotateAntiClockwise
                  0x002358                  rotateClockwise
                  0x00236c                  rotateClockwiseDegrees
                  0x002384                  followWallOn
                  0x0023dc                  moveForwards
                  0x0023f2                  turn90DegreesTo
 .text            0x002428        0x368 e_I2C_master_module.o
                  0x002428                  idle_i2c
                  0x002458                  e_i2c_init
                  0x002492                  e_i2c_deinit
                  0x0024a4                  e_i2c_reset
                  0x0024f0                  e_i2c_enable
                  0x0024fc                  e_i2c_disable
                  0x002508                  e_i2c_start
                  0x00254c                  e_i2c_restart
                  0x002590                  e_i2c_stop
                  0x0025c6                  e_i2c_ack
                  0x00262c                  e_i2c_nack
                  0x002692                  e_i2c_read
                  0x00273e                  e_i2c_write
                  0x002778                  _MI2CInterrupt
 .text            0x002790         0xa4 e_I2C_protocol.o
                  0x002790                  e_i2cp_init
                  0x002798                  e_i2cp_deinit
                  0x0027a0                  e_i2cp_enable
                  0x0027a8                  e_i2cp_disable
                  0x0027b0                  e_i2cp_read
                  0x0027f8                  e_i2cp_write
 .text            0x002834        0x146 aggression.o
                  0x002834                  aggression
                  0x002964                  initAggression
 .text            0x00297a        0x46c e_lsm330.o
                  0x00297a                  writeReg
                  0x002992                  readReg
                  0x0029aa                  readRegMulti
                  0x002a54                  initAccAndGyro
                  0x002a86                  getAllAxesAccRaw
                  0x002a9c                  getAllAxesAcc
                  0x002b16                  getXAxisAcc
                  0x002b46                  getYAxisAcc
                  0x002b76                  getZAxisAcc
                  0x002ba6                  getAllAxesGyroRaw
                  0x002bbc                  getAllAxesGyro
                  0x002c42                  getXAxisGyro
                  0x002c76                  getYAxisGyro
                  0x002caa                  getZAxisGyro
                  0x002cde                  getTemperature
                  0x002cec                  calibrateGyroscope
                  0x002dbe                  rawToDps
                  0x002dd2                  rawToDpms
 .text            0x002de6         0xee utility.o
                  0x002de6                  wait
                  0x002e08                  getselector
                  0x002e40                  reportValue
                  0x002e70                  reportXY
                  0x002eac                  setLeds
 .text            0x002ed4        0x216 e_agenda.o
                  0x002ed4                  e_start_agendas_processing
                  0x002ef6                  e_end_agendas_processing
                  0x002efe                  e_activate_agenda
                  0x002f5e                  e_destroy_agenda
                  0x002fae                  e_set_agenda_cycle
                  0x002fe4                  e_reset_agenda
                  0x003018                  e_pause_agenda
                  0x00304c                  e_restart_agenda
                  0x003080                  _T2Interrupt
 .text            0x0030ea        0x88a e_led.o
                  0x0030ea                  e_set_led
                  0x003440                  e_led_clear
                  0x003456                  e_set_body_led
                  0x00349a                  e_set_front_led
                  0x0034da                  e_blink_led
                  0x0035ec                  e_blink_led0
                  0x003618                  e_blink_led1
                  0x00363e                  e_blink_led2
                  0x003660                  e_blink_led3
                  0x003688                  e_blink_led4
                  0x0036ac                  e_blink_led5
                  0x0036d6                  e_blink_led6
                  0x003702                  e_blink_led7
                  0x003728                  e_start_led_blinking
                  0x003736                  e_stop_led_blinking
                  0x003740                  e_set_blinking_cycle
                  0x003752                  snake_led
                  0x0037aa                  flow_led
                  0x003828                  k2000_led
                  0x0038a8                  right_led
                  0x00390e                  left_led
 .text            0x003974        0x338 e_motors.o
                  0x003974                  run_left_motor
                  0x003a58                  run_right_motor
                  0x003b3c                  e_init_motors
                  0x003b4e                  e_set_speed_left
                  0x003bc8                  e_set_speed_right
                  0x003c42                  e_set_speed
                  0x003c84                  e_get_steps_left
                  0x003c8c                  e_set_steps_left
                  0x003c98                  e_get_steps_right
                  0x003ca0                  e_set_steps_right
 .text            0x003cac        0x140 e_remote_control.o
                  0x003cac                  e_init_remote_control
                  0x003cba                  _INT0Interrupt
                  0x003cf0                  e_read_remote_control
                  0x003dce                  e_get_check
                  0x003dd8                  e_get_address
                  0x003de2                  e_get_data
 .text            0x003dec        0x146 curious.o
                  0x003dec                  curiousity
                  0x003f1c                  initCuriousity
 .text            0x003f32        0x172 fear.o
                  0x003f32                  fear
                  0x00408e                  initFear
 .text            0x0040a4        0x188 love.o
                  0x0040a4                  love
                  0x004216                  initLove
 .text            0x00422c        0x492 e_ad_conv.o
                  0x00422c                  e_init_ad_scan
                  0x004328                  e_ad_scan_on
                  0x004332                  e_ad_scan_reset
                  0x004340                  e_ad_skip_samples
                  0x004354                  e_ad_scan_off
                  0x00435e                  e_ad_ircom_interrupt
                  0x0043b2                  e_ad_proximity_interrupt
                  0x00450c                  _ADCInterrupt
                  0x004582                  e_ad_is_array_filled
                  0x004592                  e_get_prox
                  0x0045a4                  e_get_calibrated_prox
                  0x0045c2                  e_get_ambient_light
                  0x0045d4                  e_calibrate_ir
 .text            0x0046be        0x1aa ircom.o
                  0x0046be                  ircomStart
                  0x00479e                  ircomStop
                  0x0047a6                  ircomRestart
                  0x0047ae                  ircomPause
                  0x0047ba                  ircomEnableProximity
                  0x0047c4                  ircomDisableProximity
                  0x0047ce                  ircomEnableContinuousListening
                  0x0047d8                  ircomDisableContinuousListening
                  0x0047e2                  ircomSetOmnidirectional
                  0x0047ec                  ircomSetDirectional
                  0x00481e                  _T1Interrupt
 .text            0x004868        0x14a ircomMessages.o
                  0x004868                  ircomFlushMessages
                  0x00487a                  ircomPushMessage
                  0x004916                  ircomPopMessage
 .text            0x0049b2        0x478 ircomReceive.o
                  0x0049b2                  ircomListen
                  0x0049dc                  ircomReceiveDone
                  0x0049e4                  ircomIsReceiving
                  0x0049fc                  ircomIsListening
                  0x004a14                  ircomStopListening
                  0x004a2e                  ircomReceiveMain
                  0x004a4c                  ircomReceiveListen
                  0x004af0                  ircomReceiveWord
                  0x004b92                  ircomReceiveGetMaxSensor
                  0x004c26                  ircomReceiveDemodulate
                  0x004dd4                  ircomReceiveCheckCRC
 .text            0x004e2a        0x270 ircomSend.o
                  0x004e2a                  ircomSend
                  0x004e68                  ircomSendCalcSending
                  0x004f6e                  ircomSendDone
                  0x004f76                  ircomIsSending
                  0x004f8e                  ircomSendMain
                  0x00503c                  ircomSendNextBit
 .text            0x00509a        0x1aa ircomTools.o
                  0x00509a                  ircomEstimateDistance
                  0x00515c                  ircomEstimateDirection
                  0x005170                  ircomInt2Bin
                  0x0051e8                  ircomBin2Int
                  0x00522e                  ircomGetTime
                  0x005238                  ircomResetTime
 .text            0x005244         0xe2 btcom.o
                  0x005244                  btcomSendStringStatic
                  0x005258                  btcomSendString
                  0x005270                  btcomSendDouble
                  0x00528e                  btcomSendInt
                  0x0052a8                  btcomSendLongInt
                  0x0052c6                  btcomSendFloat
                  0x0052e4                  btcomSendChar
                  0x0052f8                  btcomWaitForCommand
 .text            0x005326         0xa6 emitter.o
                  0x005326                  emit
                  0x005340                  emitMasterAcks
                  0x005376                  emitFollow
                  0x005390                  emitPos
 .text            0x0053cc         0xda global.o
                  0x0053cc                  initGlobal
                  0x00540c                  outputGlobals
                  0x005426                  setPacketToEmit
                  0x005438                  setTraverseSide
                  0x005444                  switchTraverseSide
                  0x005462                  setRobotPos
                  0x005474                  getRobotPosX
                  0x00547c                  getRobotPosY
                  0x005484                  setOtherRobotPos
                  0x005496                  getOtherRobotPosX
                  0x00549e                  getOtherRobotPosY
 .text            0x0054a6         0x60 e_uart1_tx_char.o
                  0x0054a6                  _U1TXInterrupt
                  0x0054ea                  e_send_uart1_char
                  0x005502                  e_uart1_sending
 .text            0x005506         0x42 e_uart1_rx_char.o
                  0x005506                  _U1RXInterrupt
                  0x005524                  e_ischar_uart1
                  0x00552c                  e_getchar_uart1
 .text            0x005548         0x2e e_init_uart1.o
                  0x005548                  e_init_uart1
 .text            0x005576         0xc4 e_init_port.o
                  0x005576                  testAccGyroPresence
                  0x00559c                  e_init_port
                  0x005630                  isEpuckVersion1_3
 .text            0x00563a        0x3f6 receiver.o
                  0x00563a                  moveToSensor
                  0x00575a                  setSideTraverseSpeed
                  0x005852                  setOrigins
                  0x00587a                  processAck
                  0x0058ac                  processStateChange
                  0x00597a                  process
                  0x0059fa                  startSpeed
                  0x005a08                  receive
 .text            0x005a30         0x60 packet.o
                  0x005a30                  toPacket
                  0x005a50                  toBin
                  0x005a72                  toBinFromInts
 .text            0x005a90        0x104 init.o
                  0x005a90                  init
                  0x005ab0                  initMaster
                  0x005aca                  initFollower
                  0x005ada                  initHighLevelMaster
                  0x005b1e                  initHighLevelFollower
                  0x005b50                  followSide
                  0x005b88                  initSideFollow
 .text            0x005b94        0x20e traverse.o
                  0x005b94                  initTraverse
                  0x005bba                  endTraverse
                  0x005bca                  traverse
                  0x005c10                  cruise
                  0x005c52                  stillTurning
                  0x005c94                  followWall
                  0x005cca                  avoidWall
                  0x005d12                  triggerAvoidWall
                  0x005d34                  approachingWall
                  0x005d56                  approachWall
                  0x005d8e                  foundObject
 .text            0x005da2        0x2c0 wall_follow.o
                  0x005da2                  follow_sensor_calibrate
                  0x005e64                  followGetSensorValues
                  0x005e9c                  followsetSpeed
                  0x005ed8                  runWallFollow
 .text            0x006062        0x176 findGreen.o
                  0x006062                  getImage
                  0x00607a                  Image
                  0x00615c                  initGreen
                  0x006176                  findGreen
 .text            0x0061d8        0x274 e_calc_po3030k.o
                  0x0061d8                  e_po3030k_config_cam
                  0x006414                  e_po3030k_get_bytes_per_pixel
 .text            0x00644c        0x2aa e_calc_po6030k.o
                  0x00644c                  e_po6030k_config_cam
                  0x0066be                  e_po6030k_get_bytes_per_pixel
 .text            0x0066f6        0x2aa e_calc_po8030d.o
                  0x0066f6                  e_po8030d_config_cam
                  0x006968                  e_po8030d_get_bytes_per_pixel
 .text            0x0069a0        0x2b4 e_common.o
                  0x0069a0                  e_poxxxx_config_cam
                  0x006a14                  e_poxxxx_set_mirror
                  0x006a52                  e_poxxxx_write_cam_registers
                  0x006a64                  e_poxxxx_init_cam
                  0x006b28                  e_poxxxx_get_orientation
                  0x006b8e                  e_poxxxx_set_awb_ae
                  0x006bcc                  e_poxxxx_set_rgb_gain
                  0x006c16                  e_poxxxx_set_exposure
                  0x006c4c                  getCameraVersion
 .text            0x006c54        0x850 e_po3030k_registers.o
                  0x006c54                  e_po3030k_write_cam_registers
                  0x006c86                  e_po3030k_read_cam_registers
                  0x006cbc                  e_po3030k_set_color_mode
                  0x006cfa                  e_po3030k_set_sampling_mode
                  0x006d24                  e_po3030k_set_speed
                  0x006d6a                  e_po3030k_set_wx
                  0x006dc0                  e_po3030k_set_wy
                  0x006e10                  e_po3030k_set_vsync
                  0x006e82                  e_po3030k_set_mirror
                  0x006ebe                  e_po3030k_set_register
                  0x006efc                  e_po3030k_get_register
                  0x006f3c                  e_po3030k_set_bias
                  0x006f4e                  e_po3030k_set_color_gain
                  0x006f84                  e_po3030k_set_integr_time
                  0x006fa8                  e_po3030k_set_adc_offset
                  0x006fb4                  e_po3030k_set_sepia
                  0x006fd0                  e_po3030k_set_lens_gain
                  0x006fe8                  e_po3030k_set_edge_prop
                  0x006ffe                  e_po3030k_set_gamma_coef
                  0x007046                  e_po3030k_write_gamma_coef
                  0x007064                  e_po3030k_sync_register_array
                  0x0070c4                  e_po3030k_SetColorMatrix
                  0x0070f2                  e_po3030k_set_cb_cr_gain
                  0x007104                  e_po3030k_set_brigh_contr
                  0x007116                  e_po3030k_set_sepia_tone
                  0x007128                  e_po3030k_set_ww
                  0x00713e                  e_po3030k_set_awb_ae_tol
                  0x00715c                  e_po3030k_set_ae_speed
                  0x00717c                  e_po3030k_set_exposure
                  0x00719c                  e_po3030k_set_ref_exposure
                  0x0071a8                  e_po3030k_set_max_min_exp
                  0x0071c6                  e_po3030k_set_max_min_awb
                  0x0071f0                  e_po3030k_set_weight_win
                  0x007296                  e_po3030k_set_awb_ae
                  0x0072d2                  e_po3030k_set_flicker_mode
                  0x0072f0                  e_po3030k_set_flicker_detection
                  0x0073e6                  e_po3030k_set_flicker_man_set
 .text            0x0074a4        0x3ee e_po6030k_registers.o
                  0x0074a4                  e_po6030k_set_bank
                  0x0074b8                  e_po6030k_write_register
                  0x0074d4                  e_po6030k_read_register
                  0x0074f0                  e_po6030k_set_bayer_clkdiv
                  0x007500                  e_po6030k_set_pclkdiv
                  0x007634                  e_po6030k_set_mode
                  0x00768c                  e_po6030k_set_wx
                  0x0076e2                  e_po6030k_set_wy
                  0x0076ee                  e_po6030k_set_vsync
                  0x00774e                  e_po6030k_set_sketch_mode
                  0x0077ac                  e_po6030k_set_mirror
                  0x0077e6                  e_po6030k_set_awb_ae
                  0x00782e                  e_po6030k_set_rgb_gain
                  0x007852                  e_po6030k_set_exposure
 .text            0x007892        0x3fa e_po8030d_registers.o
                  0x007892                  e_po8030d_set_bank
                  0x0078a6                  e_po8030d_write_register
                  0x0078c2                  e_po8030d_read_register
                  0x0078de                  testWriteReg
                  0x0078f8                  enablePO8030
                  0x007938                  init_po8030
                  0x00794c                  e_po8030d_set_bayer_clkdiv
                  0x00795c                  e_po8030d_set_pclkdiv
                  0x007a60                  e_po8030d_set_mode
                  0x007ab8                  e_po8030d_set_wx
                  0x007b0e                  e_po8030d_set_wy
                  0x007b1a                  e_po8030d_set_vsync
                  0x007b7a                  e_po8030d_set_sketch_mode
                  0x007b96                  e_po8030d_set_mirror
                  0x007bd0                  e_po8030d_set_awb_ae
                  0x007c18                  e_po8030d_set_rgb_gain
                  0x007c3c                  e_po8030d_set_exposure
                  0x007c7c                  e_po8030d_set_brightness
 .text            0x007c8c        0x108 e_timers.o
                  0x007c8c                  _T5Interrupt
                  0x007cd6                  e_poxxxx_launch_capture
                  0x007cee                  e_poxxxx_apply_timer_config
                  0x007d8c                  e_poxxxx_is_img_ready
 .text            0x007d94         0x38 e_interrupt.o
                  0x007d94                  _T4Interrupt

usercode
 *(usercode)

__FOSC            0xf80000          0x2
 *(__FOSC.sec)
 __FOSC.sec       0xf80000          0x2 e_init_port.o

__FWDT            0xf80002          0x2
 *(__FWDT.sec)
 __FWDT.sec       0xf80002          0x2 e_init_port.o

__FBORPOR         0xf80004          0x2
 *(__FBORPOR.sec)
 __FBORPOR.sec    0xf80004          0x2 e_init_port.o

__FBS
 *(__FBS.sec)

__FSS
 *(__FSS.sec)

__FGS             0xf8000a          0x2
 *(__FGS.sec)
 __FGS.sec        0xf8000a          0x2 FGS
                  0xf8000a                  _FGS.sec

__FUID0
 *(__FUID0.sec)

__FUID1
 *(__FUID1.sec)

__FUID2
 *(__FUID2.sec)

__FUID3
 *(__FUID3.sec)

user_eedata
 *(user_eedata)

userdata
 *(userdata)

.comment
 *(.comment)

.debug_info
 *(.debug_info)
 *(.gnu.linkonce.wi.*)

.debug_abbrev
 *(.debug_abbrev)

.debug_line
 *(.debug_line)

.debug_frame
 *(.debug_frame)

.debug_str
 *(.debug_str)

.debug_loc
 *(.debug_loc)

.debug_macinfo
 *(.debug_macinfo)

.debug_pubnames
 *(.debug_pubnames)

.debug_ranges
 *(.debug_ranges)

.debug_aranges
 *(.debug_aranges)

.ivt              0x000004         0x7c
                  0x000004          0x4 LONG 0x8786 DEFINED (__ReservedTrap0)?<code 336> (__ReservedTrap0):<code 336> (__DefaultInterrupt)
                  0x000006          0x4 LONG 0x8786 DEFINED (__OscillatorFail)?<code 336> (__OscillatorFail):<code 336> (__DefaultInterrupt)
                  0x000008          0x4 LONG 0x8786 DEFINED (__AddressError)?<code 336> (__AddressError):<code 336> (__DefaultInterrupt)
                  0x00000a          0x4 LONG 0x8786 DEFINED (__StackError)?<code 336> (__StackError):<code 336> (__DefaultInterrupt)
                  0x00000c          0x4 LONG 0x8786 DEFINED (__MathError)?<code 336> (__MathError):<code 336> (__DefaultInterrupt)
                  0x00000e          0x4 LONG 0x8786 DEFINED (__ReservedTrap5)?<code 336> (__ReservedTrap5):<code 336> (__DefaultInterrupt)
                  0x000010          0x4 LONG 0x8786 DEFINED (__ReservedTrap6)?<code 336> (__ReservedTrap6):<code 336> (__DefaultInterrupt)
                  0x000012          0x4 LONG 0x8786 DEFINED (__ReservedTrap7)?<code 336> (__ReservedTrap7):<code 336> (__DefaultInterrupt)
                  0x000014          0x4 LONG 0x3cba DEFINED (__INT0Interrupt)?<code 336> (__INT0Interrupt):<code 336> (__DefaultInterrupt)
                  0x000016          0x4 LONG 0x8786 DEFINED (__IC1Interrupt)?<code 336> (__IC1Interrupt):<code 336> (__DefaultInterrupt)
                  0x000018          0x4 LONG 0x8786 DEFINED (__OC1Interrupt)?<code 336> (__OC1Interrupt):<code 336> (__DefaultInterrupt)
                  0x00001a          0x4 LONG 0x481e DEFINED (__T1Interrupt)?<code 336> (__T1Interrupt):<code 336> (__DefaultInterrupt)
                  0x00001c          0x4 LONG 0x8786 DEFINED (__IC2Interrupt)?<code 336> (__IC2Interrupt):<code 336> (__DefaultInterrupt)
                  0x00001e          0x4 LONG 0x8786 DEFINED (__OC2Interrupt)?<code 336> (__OC2Interrupt):<code 336> (__DefaultInterrupt)
                  0x000020          0x4 LONG 0x3080 DEFINED (__T2Interrupt)?<code 336> (__T2Interrupt):<code 336> (__DefaultInterrupt)
                  0x000022          0x4 LONG 0x8786 DEFINED (__T3Interrupt)?<code 336> (__T3Interrupt):<code 336> (__DefaultInterrupt)
                  0x000024          0x4 LONG 0x8786 DEFINED (__SPI1Interrupt)?<code 336> (__SPI1Interrupt):<code 336> (__DefaultInterrupt)
                  0x000026          0x4 LONG 0x5506 DEFINED (__U1RXInterrupt)?<code 336> (__U1RXInterrupt):<code 336> (__DefaultInterrupt)
                  0x000028          0x4 LONG 0x54a6 DEFINED (__U1TXInterrupt)?<code 336> (__U1TXInterrupt):<code 336> (__DefaultInterrupt)
                  0x00002a          0x4 LONG 0x450c DEFINED (__ADCInterrupt)?<code 336> (__ADCInterrupt):<code 336> (__DefaultInterrupt)
                  0x00002c          0x4 LONG 0x8786 DEFINED (__NVMInterrupt)?<code 336> (__NVMInterrupt):<code 336> (__DefaultInterrupt)
                  0x00002e          0x4 LONG 0x8786 DEFINED (__SI2CInterrupt)?<code 336> (__SI2CInterrupt):<code 336> (__DefaultInterrupt)
                  0x000030          0x4 LONG 0x2778 DEFINED (__MI2CInterrupt)?<code 336> (__MI2CInterrupt):<code 336> (__DefaultInterrupt)
                  0x000032          0x4 LONG 0x8786 DEFINED (__CNInterrupt)?<code 336> (__CNInterrupt):<code 336> (__DefaultInterrupt)
                  0x000034          0x4 LONG 0x8786 DEFINED (__INT1Interrupt)?<code 336> (__INT1Interrupt):<code 336> (__DefaultInterrupt)
                  0x000036          0x4 LONG 0x8786 DEFINED (__IC7Interrupt)?<code 336> (__IC7Interrupt):<code 336> (__DefaultInterrupt)
                  0x000038          0x4 LONG 0x8786 DEFINED (__IC8Interrupt)?<code 336> (__IC8Interrupt):<code 336> (__DefaultInterrupt)
                  0x00003a          0x4 LONG 0x8786 DEFINED (__OC3Interrupt)?<code 336> (__OC3Interrupt):<code 336> (__DefaultInterrupt)
                  0x00003c          0x4 LONG 0x8786 DEFINED (__OC4Interrupt)?<code 336> (__OC4Interrupt):<code 336> (__DefaultInterrupt)
                  0x00003e          0x4 LONG 0x7d94 DEFINED (__T4Interrupt)?<code 336> (__T4Interrupt):<code 336> (__DefaultInterrupt)
                  0x000040          0x4 LONG 0x7c8c DEFINED (__T5Interrupt)?<code 336> (__T5Interrupt):<code 336> (__DefaultInterrupt)
                  0x000042          0x4 LONG 0x8786 DEFINED (__INT2Interrupt)?<code 336> (__INT2Interrupt):<code 336> (__DefaultInterrupt)
                  0x000044          0x4 LONG 0x8786 DEFINED (__U2RXInterrupt)?<code 336> (__U2RXInterrupt):<code 336> (__DefaultInterrupt)
                  0x000046          0x4 LONG 0x8786 DEFINED (__U2TXInterrupt)?<code 336> (__U2TXInterrupt):<code 336> (__DefaultInterrupt)
                  0x000048          0x4 LONG 0x8786 DEFINED (__SPI2Interrupt)?<code 336> (__SPI2Interrupt):<code 336> (__DefaultInterrupt)
                  0x00004a          0x4 LONG 0x8786 DEFINED (__C1Interrupt)?<code 336> (__C1Interrupt):<code 336> (__DefaultInterrupt)
                  0x00004c          0x4 LONG 0x8786 DEFINED (__IC3Interrupt)?<code 336> (__IC3Interrupt):<code 336> (__DefaultInterrupt)
                  0x00004e          0x4 LONG 0x8786 DEFINED (__IC4Interrupt)?<code 336> (__IC4Interrupt):<code 336> (__DefaultInterrupt)
                  0x000050          0x4 LONG 0x8786 DEFINED (__IC5Interrupt)?<code 336> (__IC5Interrupt):<code 336> (__DefaultInterrupt)
                  0x000052          0x4 LONG 0x8786 DEFINED (__IC6Interrupt)?<code 336> (__IC6Interrupt):<code 336> (__DefaultInterrupt)
                  0x000054          0x4 LONG 0x8786 DEFINED (__OC5Interrupt)?<code 336> (__OC5Interrupt):<code 336> (__DefaultInterrupt)
                  0x000056          0x4 LONG 0x8786 DEFINED (__OC6Interrupt)?<code 336> (__OC6Interrupt):<code 336> (__DefaultInterrupt)
                  0x000058          0x4 LONG 0x8786 DEFINED (__OC7Interrupt)?<code 336> (__OC7Interrupt):<code 336> (__DefaultInterrupt)
                  0x00005a          0x4 LONG 0x8786 DEFINED (__OC8Interrupt)?<code 336> (__OC8Interrupt):<code 336> (__DefaultInterrupt)
                  0x00005c          0x4 LONG 0x8786 DEFINED (__INT3Interrupt)?<code 336> (__INT3Interrupt):<code 336> (__DefaultInterrupt)
                  0x00005e          0x4 LONG 0x8786 DEFINED (__INT4Interrupt)?<code 336> (__INT4Interrupt):<code 336> (__DefaultInterrupt)
                  0x000060          0x4 LONG 0x8786 DEFINED (__C2Interrupt)?<code 336> (__C2Interrupt):<code 336> (__DefaultInterrupt)
                  0x000062          0x4 LONG 0x8786 DEFINED (__PWMInterrupt)?<code 336> (__PWMInterrupt):<code 336> (__DefaultInterrupt)
                  0x000064          0x4 LONG 0x8786 DEFINED (__QEIInterrupt)?<code 336> (__QEIInterrupt):<code 336> (__DefaultInterrupt)
                  0x000066          0x4 LONG 0x8786 DEFINED (__DCIInterrupt)?<code 336> (__DCIInterrupt):<code 336> (__DefaultInterrupt)
                  0x000068          0x4 LONG 0x8786 DEFINED (__LVDInterrupt)?<code 336> (__LVDInterrupt):<code 336> (__DefaultInterrupt)
                  0x00006a          0x4 LONG 0x8786 DEFINED (__FLTAInterrupt)?<code 336> (__FLTAInterrupt):<code 336> (__DefaultInterrupt)
                  0x00006c          0x4 LONG 0x8786 DEFINED (__FLTBInterrupt)?<code 336> (__FLTBInterrupt):<code 336> (__DefaultInterrupt)
                  0x00006e          0x4 LONG 0x8786 DEFINED (__Interrupt45)?<code 336> (__Interrupt45):<code 336> (__DefaultInterrupt)
                  0x000070          0x4 LONG 0x8786 DEFINED (__Interrupt46)?<code 336> (__Interrupt46):<code 336> (__DefaultInterrupt)
                  0x000072          0x4 LONG 0x8786 DEFINED (__Interrupt47)?<code 336> (__Interrupt47):<code 336> (__DefaultInterrupt)
                  0x000074          0x4 LONG 0x8786 DEFINED (__Interrupt48)?<code 336> (__Interrupt48):<code 336> (__DefaultInterrupt)
                  0x000076          0x4 LONG 0x8786 DEFINED (__Interrupt49)?<code 336> (__Interrupt49):<code 336> (__DefaultInterrupt)
                  0x000078          0x4 LONG 0x8786 DEFINED (__Interrupt50)?<code 336> (__Interrupt50):<code 336> (__DefaultInterrupt)
                  0x00007a          0x4 LONG 0x8786 DEFINED (__Interrupt51)?<code 336> (__Interrupt51):<code 336> (__DefaultInterrupt)
                  0x00007c          0x4 LONG 0x8786 DEFINED (__Interrupt52)?<code 336> (__Interrupt52):<code 336> (__DefaultInterrupt)
                  0x00007e          0x4 LONG 0x8786 DEFINED (__Interrupt53)?<code 336> (__Interrupt53):<code 336> (__DefaultInterrupt)

.aivt             0x000084         0x7c
                  0x000084          0x4 LONG 0x8786 DEFINED (__AltReservedTrap0)?<code 336> (__AltReservedTrap0):DEFINED (__ReservedTrap0)?<code 336> (__ReservedTrap0):<code 336> (__DefaultInterrupt)
                  0x000086          0x4 LONG 0x8786 DEFINED (__AltOscillatorFail)?<code 336> (__AltOscillatorFail):DEFINED (__OscillatorFail)?<code 336> (__OscillatorFail):<code 336> (__DefaultInterrupt)
                  0x000088          0x4 LONG 0x8786 DEFINED (__AltAddressError)?<code 336> (__AltAddressError):DEFINED (__AddressError)?<code 336> (__AddressError):<code 336> (__DefaultInterrupt)
                  0x00008a          0x4 LONG 0x8786 DEFINED (__AltStackError)?<code 336> (__AltStackError):DEFINED (__StackError)?<code 336> (__StackError):<code 336> (__DefaultInterrupt)
                  0x00008c          0x4 LONG 0x8786 DEFINED (__AltMathError)?<code 336> (__AltMathError):DEFINED (__MathError)?<code 336> (__MathError):<code 336> (__DefaultInterrupt)
                  0x00008e          0x4 LONG 0x8786 DEFINED (__AltReservedTrap5)?<code 336> (__AltReservedTrap5):DEFINED (__ReservedTrap5)?<code 336> (__ReservedTrap5):<code 336> (__DefaultInterrupt)
                  0x000090          0x4 LONG 0x8786 DEFINED (__AltReservedTrap6)?<code 336> (__AltReservedTrap6):DEFINED (__ReservedTrap6)?<code 336> (__ReservedTrap6):<code 336> (__DefaultInterrupt)
                  0x000092          0x4 LONG 0x8786 DEFINED (__AltReservedTrap7)?<code 336> (__AltReservedTrap7):DEFINED (__ReservedTrap7)?<code 336> (__ReservedTrap7):<code 336> (__DefaultInterrupt)
                  0x000094          0x4 LONG 0x3cba DEFINED (__AltINT0Interrupt)?<code 336> (__AltINT0Interrupt):DEFINED (__INT0Interrupt)?<code 336> (__INT0Interrupt):<code 336> (__DefaultInterrupt)
                  0x000096          0x4 LONG 0x8786 DEFINED (__AltIC1Interrupt)?<code 336> (__AltIC1Interrupt):DEFINED (__IC1Interrupt)?<code 336> (__IC1Interrupt):<code 336> (__DefaultInterrupt)
                  0x000098          0x4 LONG 0x8786 DEFINED (__AltOC1Interrupt)?<code 336> (__AltOC1Interrupt):DEFINED (__OC1Interrupt)?<code 336> (__OC1Interrupt):<code 336> (__DefaultInterrupt)
                  0x00009a          0x4 LONG 0x481e DEFINED (__AltT1Interrupt)?<code 336> (__AltT1Interrupt):DEFINED (__T1Interrupt)?<code 336> (__T1Interrupt):<code 336> (__DefaultInterrupt)
                  0x00009c          0x4 LONG 0x8786 DEFINED (__AltIC2Interrupt)?<code 336> (__AltIC2Interrupt):DEFINED (__IC2Interrupt)?<code 336> (__IC2Interrupt):<code 336> (__DefaultInterrupt)
                  0x00009e          0x4 LONG 0x8786 DEFINED (__AltOC2Interrupt)?<code 336> (__AltOC2Interrupt):DEFINED (__OC2Interrupt)?<code 336> (__OC2Interrupt):<code 336> (__DefaultInterrupt)
                  0x0000a0          0x4 LONG 0x3080 DEFINED (__AltT2Interrupt)?<code 336> (__AltT2Interrupt):DEFINED (__T2Interrupt)?<code 336> (__T2Interrupt):<code 336> (__DefaultInterrupt)
                  0x0000a2          0x4 LONG 0x8786 DEFINED (__AltT3Interrupt)?<code 336> (__AltT3Interrupt):DEFINED (__T3Interrupt)?<code 336> (__T3Interrupt):<code 336> (__DefaultInterrupt)
                  0x0000a4          0x4 LONG 0x8786 DEFINED (__AltSPI1Interrupt)?<code 336> (__AltSPI1Interrupt):DEFINED (__SPI1Interrupt)?<code 336> (__SPI1Interrupt):<code 336> (__DefaultInterrupt)
                  0x0000a6          0x4 LONG 0x5506 DEFINED (__AltU1RXInterrupt)?<code 336> (__AltU1RXInterrupt):DEFINED (__U1RXInterrupt)?<code 336> (__U1RXInterrupt):<code 336> (__DefaultInterrupt)
                  0x0000a8          0x4 LONG 0x54a6 DEFINED (__AltU1TXInterrupt)?<code 336> (__AltU1TXInterrupt):DEFINED (__U1TXInterrupt)?<code 336> (__U1TXInterrupt):<code 336> (__DefaultInterrupt)
                  0x0000aa          0x4 LONG 0x450c DEFINED (__AltADCInterrupt)?<code 336> (__AltADCInterrupt):DEFINED (__ADCInterrupt)?<code 336> (__ADCInterrupt):<code 336> (__DefaultInterrupt)
                  0x0000ac          0x4 LONG 0x8786 DEFINED (__AltNVMInterrupt)?<code 336> (__AltNVMInterrupt):DEFINED (__NVMInterrupt)?<code 336> (__NVMInterrupt):<code 336> (__DefaultInterrupt)
                  0x0000ae          0x4 LONG 0x8786 DEFINED (__AltSI2CInterrupt)?<code 336> (__AltSI2CInterrupt):DEFINED (__SI2CInterrupt)?<code 336> (__SI2CInterrupt):<code 336> (__DefaultInterrupt)
                  0x0000b0          0x4 LONG 0x2778 DEFINED (__AltMI2CInterrupt)?<code 336> (__AltMI2CInterrupt):DEFINED (__MI2CInterrupt)?<code 336> (__MI2CInterrupt):<code 336> (__DefaultInterrupt)
                  0x0000b2          0x4 LONG 0x8786 DEFINED (__AltCNInterrupt)?<code 336> (__AltCNInterrupt):DEFINED (__CNInterrupt)?<code 336> (__CNInterrupt):<code 336> (__DefaultInterrupt)
                  0x0000b4          0x4 LONG 0x8786 DEFINED (__AltINT1Interrupt)?<code 336> (__AltINT1Interrupt):DEFINED (__INT1Interrupt)?<code 336> (__INT1Interrupt):<code 336> (__DefaultInterrupt)
                  0x0000b6          0x4 LONG 0x8786 DEFINED (__AltIC7Interrupt)?<code 336> (__AltIC7Interrupt):DEFINED (__IC7Interrupt)?<code 336> (__IC7Interrupt):<code 336> (__DefaultInterrupt)
                  0x0000b8          0x4 LONG 0x8786 DEFINED (__AltIC8Interrupt)?<code 336> (__AltIC8Interrupt):DEFINED (__IC8Interrupt)?<code 336> (__IC8Interrupt):<code 336> (__DefaultInterrupt)
                  0x0000ba          0x4 LONG 0x8786 DEFINED (__AltOC3Interrupt)?<code 336> (__AltOC3Interrupt):DEFINED (__OC3Interrupt)?<code 336> (__OC3Interrupt):<code 336> (__DefaultInterrupt)
                  0x0000bc          0x4 LONG 0x8786 DEFINED (__AltOC4Interrupt)?<code 336> (__AltOC4Interrupt):DEFINED (__OC4Interrupt)?<code 336> (__OC4Interrupt):<code 336> (__DefaultInterrupt)
                  0x0000be          0x4 LONG 0x7d94 DEFINED (__AltT4Interrupt)?<code 336> (__AltT4Interrupt):DEFINED (__T4Interrupt)?<code 336> (__T4Interrupt):<code 336> (__DefaultInterrupt)
                  0x0000c0          0x4 LONG 0x7c8c DEFINED (__AltT5Interrupt)?<code 336> (__AltT5Interrupt):DEFINED (__T5Interrupt)?<code 336> (__T5Interrupt):<code 336> (__DefaultInterrupt)
                  0x0000c2          0x4 LONG 0x8786 DEFINED (__AltINT2Interrupt)?<code 336> (__AltINT2Interrupt):DEFINED (__INT2Interrupt)?<code 336> (__INT2Interrupt):<code 336> (__DefaultInterrupt)
                  0x0000c4          0x4 LONG 0x8786 DEFINED (__AltU2RXInterrupt)?<code 336> (__AltU2RXInterrupt):DEFINED (__U2RXInterrupt)?<code 336> (__U2RXInterrupt):<code 336> (__DefaultInterrupt)
                  0x0000c6          0x4 LONG 0x8786 DEFINED (__AltU2TXInterrupt)?<code 336> (__AltU2TXInterrupt):DEFINED (__U2TXInterrupt)?<code 336> (__U2TXInterrupt):<code 336> (__DefaultInterrupt)
                  0x0000c8          0x4 LONG 0x8786 DEFINED (__AltSPI2Interrupt)?<code 336> (__AltSPI2Interrupt):DEFINED (__SPI2Interrupt)?<code 336> (__SPI2Interrupt):<code 336> (__DefaultInterrupt)
                  0x0000ca          0x4 LONG 0x8786 DEFINED (__AltC1Interrupt)?<code 336> (__AltC1Interrupt):DEFINED (__C1Interrupt)?<code 336> (__C1Interrupt):<code 336> (__DefaultInterrupt)
                  0x0000cc          0x4 LONG 0x8786 DEFINED (__AltIC3Interrupt)?<code 336> (__AltIC3Interrupt):DEFINED (__IC3Interrupt)?<code 336> (__IC3Interrupt):<code 336> (__DefaultInterrupt)
                  0x0000ce          0x4 LONG 0x8786 DEFINED (__AltIC4Interrupt)?<code 336> (__AltIC4Interrupt):DEFINED (__IC4Interrupt)?<code 336> (__IC4Interrupt):<code 336> (__DefaultInterrupt)
                  0x0000d0          0x4 LONG 0x8786 DEFINED (__AltIC5Interrupt)?<code 336> (__AltIC5Interrupt):DEFINED (__IC5Interrupt)?<code 336> (__IC5Interrupt):<code 336> (__DefaultInterrupt)
                  0x0000d2          0x4 LONG 0x8786 DEFINED (__AltIC6Interrupt)?<code 336> (__AltIC6Interrupt):DEFINED (__IC6Interrupt)?<code 336> (__IC6Interrupt):<code 336> (__DefaultInterrupt)
                  0x0000d4          0x4 LONG 0x8786 DEFINED (__AltOC5Interrupt)?<code 336> (__AltOC5Interrupt):DEFINED (__OC5Interrupt)?<code 336> (__OC5Interrupt):<code 336> (__DefaultInterrupt)
                  0x0000d6          0x4 LONG 0x8786 DEFINED (__AltOC6Interrupt)?<code 336> (__AltOC6Interrupt):DEFINED (__OC6Interrupt)?<code 336> (__OC6Interrupt):<code 336> (__DefaultInterrupt)
                  0x0000d8          0x4 LONG 0x8786 DEFINED (__AltOC7Interrupt)?<code 336> (__AltOC7Interrupt):DEFINED (__OC7Interrupt)?<code 336> (__OC7Interrupt):<code 336> (__DefaultInterrupt)
                  0x0000da          0x4 LONG 0x8786 DEFINED (__AltOC8Interrupt)?<code 336> (__AltOC8Interrupt):DEFINED (__OC8Interrupt)?<code 336> (__OC8Interrupt):<code 336> (__DefaultInterrupt)
                  0x0000dc          0x4 LONG 0x8786 DEFINED (__AltINT3Interrupt)?<code 336> (__AltINT3Interrupt):DEFINED (__INT3Interrupt)?<code 336> (__INT3Interrupt):<code 336> (__DefaultInterrupt)
                  0x0000de          0x4 LONG 0x8786 DEFINED (__AltINT4Interrupt)?<code 336> (__AltINT4Interrupt):DEFINED (__INT4Interrupt)?<code 336> (__INT4Interrupt):<code 336> (__DefaultInterrupt)
                  0x0000e0          0x4 LONG 0x8786 DEFINED (__AltC2Interrupt)?<code 336> (__AltC2Interrupt):DEFINED (__C2Interrupt)?<code 336> (__C2Interrupt):<code 336> (__DefaultInterrupt)
                  0x0000e2          0x4 LONG 0x8786 DEFINED (__AltPWMInterrupt)?<code 336> (__AltPWMInterrupt):DEFINED (__PWMInterrupt)?<code 336> (__PWMInterrupt):<code 336> (__DefaultInterrupt)
                  0x0000e4          0x4 LONG 0x8786 DEFINED (__AltQEIInterrupt)?<code 336> (__AltQEIInterrupt):DEFINED (__QEIInterrupt)?<code 336> (__QEIInterrupt):<code 336> (__DefaultInterrupt)
                  0x0000e6          0x4 LONG 0x8786 DEFINED (__AltDCIInterrupt)?<code 336> (__AltDCIInterrupt):DEFINED (__DCIInterrupt)?<code 336> (__DCIInterrupt):<code 336> (__DefaultInterrupt)
                  0x0000e8          0x4 LONG 0x8786 DEFINED (__AltLVDInterrupt)?<code 336> (__AltLVDInterrupt):DEFINED (__LVDInterrupt)?<code 336> (__LVDInterrupt):<code 336> (__DefaultInterrupt)
                  0x0000ea          0x4 LONG 0x8786 DEFINED (__AltFLTAInterrupt)?<code 336> (__AltFLTAInterrupt):DEFINED (__FLTAInterrupt)?<code 336> (__FLTAInterrupt):<code 336> (__DefaultInterrupt)
                  0x0000ec          0x4 LONG 0x8786 DEFINED (__AltFLTBInterrupt)?<code 336> (__AltFLTBInterrupt):DEFINED (__FLTBInterrupt)?<code 336> (__FLTBInterrupt):<code 336> (__DefaultInterrupt)
                  0x0000ee          0x4 LONG 0x8786 DEFINED (__AltInterrupt45)?<code 336> (__AltInterrupt45):DEFINED (__Interrupt45)?<code 336> (__Interrupt45):<code 336> (__DefaultInterrupt)
                  0x0000f0          0x4 LONG 0x8786 DEFINED (__AltInterrupt46)?<code 336> (__AltInterrupt46):DEFINED (__Interrupt46)?<code 336> (__Interrupt46):<code 336> (__DefaultInterrupt)
                  0x0000f2          0x4 LONG 0x8786 DEFINED (__AltInterrupt47)?<code 336> (__AltInterrupt47):DEFINED (__Interrupt47)?<code 336> (__Interrupt47):<code 336> (__DefaultInterrupt)
                  0x0000f4          0x4 LONG 0x8786 DEFINED (__AltInterrupt48)?<code 336> (__AltInterrupt48):DEFINED (__Interrupt48)?<code 336> (__Interrupt48):<code 336> (__DefaultInterrupt)
                  0x0000f6          0x4 LONG 0x8786 DEFINED (__AltInterrupt49)?<code 336> (__AltInterrupt49):DEFINED (__Interrupt49)?<code 336> (__Interrupt49):<code 336> (__DefaultInterrupt)
                  0x0000f8          0x4 LONG 0x8786 DEFINED (__AltInterrupt50)?<code 336> (__AltInterrupt50):DEFINED (__Interrupt50)?<code 336> (__Interrupt50):<code 336> (__DefaultInterrupt)
                  0x0000fa          0x4 LONG 0x8786 DEFINED (__AltInterrupt51)?<code 336> (__AltInterrupt51):DEFINED (__Interrupt51)?<code 336> (__Interrupt51):<code 336> (__DefaultInterrupt)
                  0x0000fc          0x4 LONG 0x8786 DEFINED (__AltInterrupt52)?<code 336> (__AltInterrupt52):DEFINED (__Interrupt52)?<code 336> (__Interrupt52):<code 336> (__DefaultInterrupt)
                  0x0000fe          0x4 LONG 0x8786 DEFINED (__AltInterrupt53)?<code 336> (__AltInterrupt53):DEFINED (__Interrupt53)?<code 336> (__Interrupt53):<code 336> (__DefaultInterrupt)
                    0x0000                  WREG0 = 0x0
                    0x0000                  _WREG0 = 0x0
                    0x0002                  WREG1 = 0x2
                    0x0002                  _WREG1 = 0x2
                    0x0004                  WREG2 = 0x4
                    0x0004                  _WREG2 = 0x4
                    0x0006                  WREG3 = 0x6
                    0x0006                  _WREG3 = 0x6
                    0x0008                  WREG4 = 0x8
                    0x0008                  _WREG4 = 0x8
                    0x000a                  WREG5 = 0xa
                    0x000a                  _WREG5 = 0xa
                    0x000c                  WREG6 = 0xc
                    0x000c                  _WREG6 = 0xc
                    0x000e                  WREG7 = 0xe
                    0x000e                  _WREG7 = 0xe
                    0x0010                  WREG8 = 0x10
                    0x0010                  _WREG8 = 0x10
                    0x0012                  WREG9 = 0x12
                    0x0012                  _WREG9 = 0x12
                    0x0014                  WREG10 = 0x14
                    0x0014                  _WREG10 = 0x14
                    0x0016                  WREG11 = 0x16
                    0x0016                  _WREG11 = 0x16
                    0x0018                  WREG12 = 0x18
                    0x0018                  _WREG12 = 0x18
                    0x001a                  WREG13 = 0x1a
                    0x001a                  _WREG13 = 0x1a
                    0x001c                  WREG14 = 0x1c
                    0x001c                  _WREG14 = 0x1c
                    0x001e                  WREG15 = 0x1e
                    0x001e                  _WREG15 = 0x1e
                    0x0020                  SPLIM = 0x20
                    0x0020                  _SPLIM = 0x20
                    0x0022                  ACCAL = 0x22
                    0x0022                  _ACCAL = 0x22
                    0x0024                  ACCAH = 0x24
                    0x0024                  _ACCAH = 0x24
                    0x0026                  ACCAU = 0x26
                    0x0026                  _ACCAU = 0x26
                    0x0028                  ACCBL = 0x28
                    0x0028                  _ACCBL = 0x28
                    0x002a                  ACCBH = 0x2a
                    0x002a                  _ACCBH = 0x2a
                    0x002c                  ACCBU = 0x2c
                    0x002c                  _ACCBU = 0x2c
                    0x002e                  PCL = 0x2e
                    0x002e                  _PCL = 0x2e
                    0x0030                  PCH = 0x30
                    0x0030                  _PCH = 0x30
                    0x0032                  TBLPAG = 0x32
                    0x0032                  _TBLPAG = 0x32
                    0x0034                  PSVPAG = 0x34
                    0x0034                  _PSVPAG = 0x34
                    0x0036                  RCOUNT = 0x36
                    0x0036                  _RCOUNT = 0x36
                    0x0038                  DCOUNT = 0x38
                    0x0038                  _DCOUNT = 0x38
                    0x003a                  DOSTARTL = 0x3a
                    0x003a                  _DOSTARTL = 0x3a
                    0x003c                  DOSTARTH = 0x3c
                    0x003c                  _DOSTARTH = 0x3c
                    0x003e                  DOENDL = 0x3e
                    0x003e                  _DOENDL = 0x3e
                    0x0040                  DOENDH = 0x40
                    0x0040                  _DOENDH = 0x40
                    0x0042                  SR = 0x42
                    0x0042                  _SR = 0x42
                    0x0044                  CORCON = 0x44
                    0x0044                  _CORCON = 0x44
                    0x0046                  MODCON = 0x46
                    0x0046                  _MODCON = 0x46
                    0x0048                  XMODSRT = 0x48
                    0x0048                  _XMODSRT = 0x48
                    0x004a                  XMODEND = 0x4a
                    0x004a                  _XMODEND = 0x4a
                    0x004c                  YMODSRT = 0x4c
                    0x004c                  _YMODSRT = 0x4c
                    0x004e                  YMODEND = 0x4e
                    0x004e                  _YMODEND = 0x4e
                    0x0050                  XBREV = 0x50
                    0x0050                  _XBREV = 0x50
                    0x0052                  DISICNT = 0x52
                    0x0052                  _DISICNT = 0x52
                    0x0080                  INTCON1 = 0x80
                    0x0080                  _INTCON1 = 0x80
                    0x0082                  INTCON2 = 0x82
                    0x0082                  _INTCON2 = 0x82
                    0x0084                  IFS0 = 0x84
                    0x0084                  _IFS0 = 0x84
                    0x0086                  IFS1 = 0x86
                    0x0086                  _IFS1 = 0x86
                    0x0088                  IFS2 = 0x88
                    0x0088                  _IFS2 = 0x88
                    0x008c                  IEC0 = 0x8c
                    0x008c                  _IEC0 = 0x8c
                    0x008e                  IEC1 = 0x8e
                    0x008e                  _IEC1 = 0x8e
                    0x0090                  IEC2 = 0x90
                    0x0090                  _IEC2 = 0x90
                    0x0094                  IPC0 = 0x94
                    0x0094                  _IPC0 = 0x94
                    0x0096                  IPC1 = 0x96
                    0x0096                  _IPC1 = 0x96
                    0x0098                  IPC2 = 0x98
                    0x0098                  _IPC2 = 0x98
                    0x009a                  IPC3 = 0x9a
                    0x009a                  _IPC3 = 0x9a
                    0x009c                  IPC4 = 0x9c
                    0x009c                  _IPC4 = 0x9c
                    0x009e                  IPC5 = 0x9e
                    0x009e                  _IPC5 = 0x9e
                    0x00a0                  IPC6 = 0xa0
                    0x00a0                  _IPC6 = 0xa0
                    0x00a2                  IPC7 = 0xa2
                    0x00a2                  _IPC7 = 0xa2
                    0x00a4                  IPC8 = 0xa4
                    0x00a4                  _IPC8 = 0xa4
                    0x00a6                  IPC9 = 0xa6
                    0x00a6                  _IPC9 = 0xa6
                    0x00a8                  IPC10 = 0xa8
                    0x00a8                  _IPC10 = 0xa8
                    0x00b0                  INTTREG = 0xb0
                    0x00b0                  _INTTREG = 0xb0
                    0x00c0                  CNEN1 = 0xc0
                    0x00c0                  _CNEN1 = 0xc0
                    0x00c2                  CNEN2 = 0xc2
                    0x00c2                  _CNEN2 = 0xc2
                    0x00c4                  CNPU1 = 0xc4
                    0x00c4                  _CNPU1 = 0xc4
                    0x00c6                  CNPU2 = 0xc6
                    0x00c6                  _CNPU2 = 0xc6
                    0x0100                  TMR1 = 0x100
                    0x0100                  _TMR1 = 0x100
                    0x0102                  PR1 = 0x102
                    0x0102                  _PR1 = 0x102
                    0x0104                  T1CON = 0x104
                    0x0104                  _T1CON = 0x104
                    0x0106                  TMR2 = 0x106
                    0x0106                  _TMR2 = 0x106
                    0x0108                  TMR3HLD = 0x108
                    0x0108                  _TMR3HLD = 0x108
                    0x010a                  TMR3 = 0x10a
                    0x010a                  _TMR3 = 0x10a
                    0x010c                  PR2 = 0x10c
                    0x010c                  _PR2 = 0x10c
                    0x010e                  PR3 = 0x10e
                    0x010e                  _PR3 = 0x10e
                    0x0110                  T2CON = 0x110
                    0x0110                  _T2CON = 0x110
                    0x0112                  T3CON = 0x112
                    0x0112                  _T3CON = 0x112
                    0x0114                  TMR4 = 0x114
                    0x0114                  _TMR4 = 0x114
                    0x0116                  TMR5HLD = 0x116
                    0x0116                  _TMR5HLD = 0x116
                    0x0118                  TMR5 = 0x118
                    0x0118                  _TMR5 = 0x118
                    0x011a                  PR4 = 0x11a
                    0x011a                  _PR4 = 0x11a
                    0x011c                  PR5 = 0x11c
                    0x011c                  _PR5 = 0x11c
                    0x011e                  T4CON = 0x11e
                    0x011e                  _T4CON = 0x11e
                    0x0120                  T5CON = 0x120
                    0x0120                  _T5CON = 0x120
                    0x0140                  IC1BUF = 0x140
                    0x0140                  _IC1BUF = 0x140
                    0x0142                  IC1CON = 0x142
                    0x0142                  _IC1CON = 0x142
                    0x0144                  IC2BUF = 0x144
                    0x0144                  _IC2BUF = 0x144
                    0x0146                  IC2CON = 0x146
                    0x0146                  _IC2CON = 0x146
                    0x0148                  IC3BUF = 0x148
                    0x0148                  _IC3BUF = 0x148
                    0x014a                  IC3CON = 0x14a
                    0x014a                  _IC3CON = 0x14a
                    0x014c                  IC4BUF = 0x14c
                    0x014c                  _IC4BUF = 0x14c
                    0x014e                  IC4CON = 0x14e
                    0x014e                  _IC4CON = 0x14e
                    0x0150                  IC5BUF = 0x150
                    0x0150                  _IC5BUF = 0x150
                    0x0152                  IC5CON = 0x152
                    0x0152                  _IC5CON = 0x152
                    0x0154                  IC6BUF = 0x154
                    0x0154                  _IC6BUF = 0x154
                    0x0156                  IC6CON = 0x156
                    0x0156                  _IC6CON = 0x156
                    0x0158                  IC7BUF = 0x158
                    0x0158                  _IC7BUF = 0x158
                    0x015a                  IC7CON = 0x15a
                    0x015a                  _IC7CON = 0x15a
                    0x015c                  IC8BUF = 0x15c
                    0x015c                  _IC8BUF = 0x15c
                    0x015e                  IC8CON = 0x15e
                    0x015e                  _IC8CON = 0x15e
                    0x0180                  OC1RS = 0x180
                    0x0180                  _OC1RS = 0x180
                    0x0182                  OC1R = 0x182
                    0x0182                  _OC1R = 0x182
                    0x0184                  OC1CON = 0x184
                    0x0184                  _OC1CON = 0x184
                    0x0186                  OC2RS = 0x186
                    0x0186                  _OC2RS = 0x186
                    0x0188                  OC2R = 0x188
                    0x0188                  _OC2R = 0x188
                    0x018a                  OC2CON = 0x18a
                    0x018a                  _OC2CON = 0x18a
                    0x018c                  OC3RS = 0x18c
                    0x018c                  _OC3RS = 0x18c
                    0x018e                  OC3R = 0x18e
                    0x018e                  _OC3R = 0x18e
                    0x0190                  OC3CON = 0x190
                    0x0190                  _OC3CON = 0x190
                    0x0192                  OC4RS = 0x192
                    0x0192                  _OC4RS = 0x192
                    0x0194                  OC4R = 0x194
                    0x0194                  _OC4R = 0x194
                    0x0196                  OC4CON = 0x196
                    0x0196                  _OC4CON = 0x196
                    0x0198                  OC5RS = 0x198
                    0x0198                  _OC5RS = 0x198
                    0x019a                  OC5R = 0x19a
                    0x019a                  _OC5R = 0x19a
                    0x019c                  OC5CON = 0x19c
                    0x019c                  _OC5CON = 0x19c
                    0x019e                  OC6RS = 0x19e
                    0x019e                  _OC6RS = 0x19e
                    0x01a0                  OC6R = 0x1a0
                    0x01a0                  _OC6R = 0x1a0
                    0x01a2                  OC6CON = 0x1a2
                    0x01a2                  _OC6CON = 0x1a2
                    0x01a4                  OC7RS = 0x1a4
                    0x01a4                  _OC7RS = 0x1a4
                    0x01a6                  OC7R = 0x1a6
                    0x01a6                  _OC7R = 0x1a6
                    0x01a8                  OC7CON = 0x1a8
                    0x01a8                  _OC7CON = 0x1a8
                    0x01aa                  OC8RS = 0x1aa
                    0x01aa                  _OC8RS = 0x1aa
                    0x01ac                  OC8R = 0x1ac
                    0x01ac                  _OC8R = 0x1ac
                    0x01ae                  OC8CON = 0x1ae
                    0x01ae                  _OC8CON = 0x1ae
                    0x0200                  I2CRCV = 0x200
                    0x0200                  _I2CRCV = 0x200
                    0x0202                  I2CTRN = 0x202
                    0x0202                  _I2CTRN = 0x202
                    0x0204                  I2CBRG = 0x204
                    0x0204                  _I2CBRG = 0x204
                    0x0206                  I2CCON = 0x206
                    0x0206                  _I2CCON = 0x206
                    0x0208                  I2CSTAT = 0x208
                    0x0208                  _I2CSTAT = 0x208
                    0x020a                  I2CADD = 0x20a
                    0x020a                  _I2CADD = 0x20a
                    0x020c                  U1MODE = 0x20c
                    0x020c                  _U1MODE = 0x20c
                    0x020e                  U1STA = 0x20e
                    0x020e                  _U1STA = 0x20e
                    0x0210                  U1TXREG = 0x210
                    0x0210                  _U1TXREG = 0x210
                    0x0212                  U1RXREG = 0x212
                    0x0212                  _U1RXREG = 0x212
                    0x0214                  U1BRG = 0x214
                    0x0214                  _U1BRG = 0x214
                    0x0216                  U2MODE = 0x216
                    0x0216                  _U2MODE = 0x216
                    0x0218                  U2STA = 0x218
                    0x0218                  _U2STA = 0x218
                    0x021a                  U2TXREG = 0x21a
                    0x021a                  _U2TXREG = 0x21a
                    0x021c                  U2RXREG = 0x21c
                    0x021c                  _U2RXREG = 0x21c
                    0x021e                  U2BRG = 0x21e
                    0x021e                  _U2BRG = 0x21e
                    0x0220                  SPI1STAT = 0x220
                    0x0220                  _SPI1STAT = 0x220
                    0x0222                  SPI1CON = 0x222
                    0x0222                  _SPI1CON = 0x222
                    0x0224                  SPI1BUF = 0x224
                    0x0224                  _SPI1BUF = 0x224
                    0x0226                  SPI2STAT = 0x226
                    0x0226                  _SPI2STAT = 0x226
                    0x0228                  SPI2CON = 0x228
                    0x0228                  _SPI2CON = 0x228
                    0x022a                  SPI2BUF = 0x22a
                    0x022a                  _SPI2BUF = 0x22a
                    0x0240                  DCICON1 = 0x240
                    0x0240                  _DCICON1 = 0x240
                    0x0242                  DCICON2 = 0x242
                    0x0242                  _DCICON2 = 0x242
                    0x0244                  DCICON3 = 0x244
                    0x0244                  _DCICON3 = 0x244
                    0x0246                  DCISTAT = 0x246
                    0x0246                  _DCISTAT = 0x246
                    0x0248                  TSCON = 0x248
                    0x0248                  _TSCON = 0x248
                    0x024c                  RSCON = 0x24c
                    0x024c                  _RSCON = 0x24c
                    0x0250                  RXBUF0 = 0x250
                    0x0250                  _RXBUF0 = 0x250
                    0x0252                  RXBUF1 = 0x252
                    0x0252                  _RXBUF1 = 0x252
                    0x0254                  RXBUF2 = 0x254
                    0x0254                  _RXBUF2 = 0x254
                    0x0256                  RXBUF3 = 0x256
                    0x0256                  _RXBUF3 = 0x256
                    0x0258                  TXBUF0 = 0x258
                    0x0258                  _TXBUF0 = 0x258
                    0x025a                  TXBUF1 = 0x25a
                    0x025a                  _TXBUF1 = 0x25a
                    0x025c                  TXBUF2 = 0x25c
                    0x025c                  _TXBUF2 = 0x25c
                    0x025e                  TXBUF3 = 0x25e
                    0x025e                  _TXBUF3 = 0x25e
                    0x0280                  ADCBUF0 = 0x280
                    0x0280                  _ADCBUF0 = 0x280
                    0x0282                  ADCBUF1 = 0x282
                    0x0282                  _ADCBUF1 = 0x282
                    0x0284                  ADCBUF2 = 0x284
                    0x0284                  _ADCBUF2 = 0x284
                    0x0286                  ADCBUF3 = 0x286
                    0x0286                  _ADCBUF3 = 0x286
                    0x0288                  ADCBUF4 = 0x288
                    0x0288                  _ADCBUF4 = 0x288
                    0x028a                  ADCBUF5 = 0x28a
                    0x028a                  _ADCBUF5 = 0x28a
                    0x028c                  ADCBUF6 = 0x28c
                    0x028c                  _ADCBUF6 = 0x28c
                    0x028e                  ADCBUF7 = 0x28e
                    0x028e                  _ADCBUF7 = 0x28e
                    0x0290                  ADCBUF8 = 0x290
                    0x0290                  _ADCBUF8 = 0x290
                    0x0292                  ADCBUF9 = 0x292
                    0x0292                  _ADCBUF9 = 0x292
                    0x0294                  ADCBUFA = 0x294
                    0x0294                  _ADCBUFA = 0x294
                    0x0296                  ADCBUFB = 0x296
                    0x0296                  _ADCBUFB = 0x296
                    0x0298                  ADCBUFC = 0x298
                    0x0298                  _ADCBUFC = 0x298
                    0x029a                  ADCBUFD = 0x29a
                    0x029a                  _ADCBUFD = 0x29a
                    0x029c                  ADCBUFE = 0x29c
                    0x029c                  _ADCBUFE = 0x29c
                    0x029e                  ADCBUFF = 0x29e
                    0x029e                  _ADCBUFF = 0x29e
                    0x02a0                  ADCON1 = 0x2a0
                    0x02a0                  _ADCON1 = 0x2a0
                    0x02a2                  ADCON2 = 0x2a2
                    0x02a2                  _ADCON2 = 0x2a2
                    0x02a4                  ADCON3 = 0x2a4
                    0x02a4                  _ADCON3 = 0x2a4
                    0x02a6                  ADCHS = 0x2a6
                    0x02a6                  _ADCHS = 0x2a6
                    0x02a8                  ADPCFG = 0x2a8
                    0x02a8                  _ADPCFG = 0x2a8
                    0x02aa                  ADCSSL = 0x2aa
                    0x02aa                  _ADCSSL = 0x2aa
                    0x02c0                  TRISA = 0x2c0
                    0x02c0                  _TRISA = 0x2c0
                    0x02c2                  PORTA = 0x2c2
                    0x02c2                  _PORTA = 0x2c2
                    0x02c4                  LATA = 0x2c4
                    0x02c4                  _LATA = 0x2c4
                    0x02c6                  TRISB = 0x2c6
                    0x02c6                  _TRISB = 0x2c6
                    0x02c8                  PORTB = 0x2c8
                    0x02c8                  _PORTB = 0x2c8
                    0x02ca                  LATB = 0x2ca
                    0x02ca                  _LATB = 0x2ca
                    0x02cc                  TRISC = 0x2cc
                    0x02cc                  _TRISC = 0x2cc
                    0x02ce                  PORTC = 0x2ce
                    0x02ce                  _PORTC = 0x2ce
                    0x02d0                  LATC = 0x2d0
                    0x02d0                  _LATC = 0x2d0
                    0x02d2                  TRISD = 0x2d2
                    0x02d2                  _TRISD = 0x2d2
                    0x02d4                  PORTD = 0x2d4
                    0x02d4                  _PORTD = 0x2d4
                    0x02d6                  LATD = 0x2d6
                    0x02d6                  _LATD = 0x2d6
                    0x02de                  TRISF = 0x2de
                    0x02de                  _TRISF = 0x2de
                    0x02e0                  PORTF = 0x2e0
                    0x02e0                  _PORTF = 0x2e0
                    0x02e2                  LATF = 0x2e2
                    0x02e2                  _LATF = 0x2e2
                    0x02e4                  TRISG = 0x2e4
                    0x02e4                  _TRISG = 0x2e4
                    0x02e6                  PORTG = 0x2e6
                    0x02e6                  _PORTG = 0x2e6
                    0x02e8                  LATG = 0x2e8
                    0x02e8                  _LATG = 0x2e8
                    0x0300                  C1RXF0SID = 0x300
                    0x0300                  _C1RXF0SID = 0x300
                    0x0302                  C1RXF0EIDH = 0x302
                    0x0302                  _C1RXF0EIDH = 0x302
                    0x0304                  C1RXF0EIDL = 0x304
                    0x0304                  _C1RXF0EIDL = 0x304
                    0x0308                  C1RXF1SID = 0x308
                    0x0308                  _C1RXF1SID = 0x308
                    0x030a                  C1RXF1EIDH = 0x30a
                    0x030a                  _C1RXF1EIDH = 0x30a
                    0x030c                  C1RXF1EIDL = 0x30c
                    0x030c                  _C1RXF1EIDL = 0x30c
                    0x0310                  C1RXF2SID = 0x310
                    0x0310                  _C1RXF2SID = 0x310
                    0x0312                  C1RXF2EIDH = 0x312
                    0x0312                  _C1RXF2EIDH = 0x312
                    0x0314                  C1RXF2EIDL = 0x314
                    0x0314                  _C1RXF2EIDL = 0x314
                    0x0318                  C1RXF3SID = 0x318
                    0x0318                  _C1RXF3SID = 0x318
                    0x031a                  C1RXF3EIDH = 0x31a
                    0x031a                  _C1RXF3EIDH = 0x31a
                    0x031c                  C1RXF3EIDL = 0x31c
                    0x031c                  _C1RXF3EIDL = 0x31c
                    0x0320                  C1RXF4SID = 0x320
                    0x0320                  _C1RXF4SID = 0x320
                    0x0322                  C1RXF4EIDH = 0x322
                    0x0322                  _C1RXF4EIDH = 0x322
                    0x0324                  C1RXF4EIDL = 0x324
                    0x0324                  _C1RXF4EIDL = 0x324
                    0x0328                  C1RXF5SID = 0x328
                    0x0328                  _C1RXF5SID = 0x328
                    0x032a                  C1RXF5EIDH = 0x32a
                    0x032a                  _C1RXF5EIDH = 0x32a
                    0x032c                  C1RXF5EIDL = 0x32c
                    0x032c                  _C1RXF5EIDL = 0x32c
                    0x0330                  C1RXM0SID = 0x330
                    0x0330                  _C1RXM0SID = 0x330
                    0x0332                  C1RXM0EIDH = 0x332
                    0x0332                  _C1RXM0EIDH = 0x332
                    0x0334                  C1RXM0EIDL = 0x334
                    0x0334                  _C1RXM0EIDL = 0x334
                    0x0338                  C1RXM1SID = 0x338
                    0x0338                  _C1RXM1SID = 0x338
                    0x033a                  C1RXM1EIDH = 0x33a
                    0x033a                  _C1RXM1EIDH = 0x33a
                    0x033c                  C1RXM1EIDL = 0x33c
                    0x033c                  _C1RXM1EIDL = 0x33c
                    0x0340                  C1TX2SID = 0x340
                    0x0340                  _C1TX2SID = 0x340
                    0x0342                  C1TX2EID = 0x342
                    0x0342                  _C1TX2EID = 0x342
                    0x0344                  C1TX2DLC = 0x344
                    0x0344                  _C1TX2DLC = 0x344
                    0x0346                  C1TX2B1 = 0x346
                    0x0346                  _C1TX2B1 = 0x346
                    0x0348                  C1TX2B2 = 0x348
                    0x0348                  _C1TX2B2 = 0x348
                    0x034a                  C1TX2B3 = 0x34a
                    0x034a                  _C1TX2B3 = 0x34a
                    0x034c                  C1TX2B4 = 0x34c
                    0x034c                  _C1TX2B4 = 0x34c
                    0x034e                  C1TX2CON = 0x34e
                    0x034e                  _C1TX2CON = 0x34e
                    0x0350                  C1TX1SID = 0x350
                    0x0350                  _C1TX1SID = 0x350
                    0x0352                  C1TX1EID = 0x352
                    0x0352                  _C1TX1EID = 0x352
                    0x0354                  C1TX1DLC = 0x354
                    0x0354                  _C1TX1DLC = 0x354
                    0x0356                  C1TX1B1 = 0x356
                    0x0356                  _C1TX1B1 = 0x356
                    0x0358                  C1TX1B2 = 0x358
                    0x0358                  _C1TX1B2 = 0x358
                    0x035a                  C1TX1B3 = 0x35a
                    0x035a                  _C1TX1B3 = 0x35a
                    0x035c                  C1TX1B4 = 0x35c
                    0x035c                  _C1TX1B4 = 0x35c
                    0x035e                  C1TX1CON = 0x35e
                    0x035e                  _C1TX1CON = 0x35e
                    0x0360                  C1TX0SID = 0x360
                    0x0360                  _C1TX0SID = 0x360
                    0x0362                  C1TX0EID = 0x362
                    0x0362                  _C1TX0EID = 0x362
                    0x0364                  C1TX0DLC = 0x364
                    0x0364                  _C1TX0DLC = 0x364
                    0x0366                  C1TX0B1 = 0x366
                    0x0366                  _C1TX0B1 = 0x366
                    0x0368                  C1TX0B2 = 0x368
                    0x0368                  _C1TX0B2 = 0x368
                    0x036a                  C1TX0B3 = 0x36a
                    0x036a                  _C1TX0B3 = 0x36a
                    0x036c                  C1TX0B4 = 0x36c
                    0x036c                  _C1TX0B4 = 0x36c
                    0x036e                  C1TX0CON = 0x36e
                    0x036e                  _C1TX0CON = 0x36e
                    0x0370                  C1RX1SID = 0x370
                    0x0370                  _C1RX1SID = 0x370
                    0x0372                  C1RX1EID = 0x372
                    0x0372                  _C1RX1EID = 0x372
                    0x0374                  C1RX1DLC = 0x374
                    0x0374                  _C1RX1DLC = 0x374
                    0x0376                  C1RX1B1 = 0x376
                    0x0376                  _C1RX1B1 = 0x376
                    0x0378                  C1RX1B2 = 0x378
                    0x0378                  _C1RX1B2 = 0x378
                    0x037a                  C1RX1B3 = 0x37a
                    0x037a                  _C1RX1B3 = 0x37a
                    0x037c                  C1RX1B4 = 0x37c
                    0x037c                  _C1RX1B4 = 0x37c
                    0x037e                  C1RX1CON = 0x37e
                    0x037e                  _C1RX1CON = 0x37e
                    0x0380                  C1RX0SID = 0x380
                    0x0380                  _C1RX0SID = 0x380
                    0x0382                  C1RX0EID = 0x382
                    0x0382                  _C1RX0EID = 0x382
                    0x0384                  C1RX0DLC = 0x384
                    0x0384                  _C1RX0DLC = 0x384
                    0x0386                  C1RX0B1 = 0x386
                    0x0386                  _C1RX0B1 = 0x386
                    0x0388                  C1RX0B2 = 0x388
                    0x0388                  _C1RX0B2 = 0x388
                    0x038a                  C1RX0B3 = 0x38a
                    0x038a                  _C1RX0B3 = 0x38a
                    0x038c                  C1RX0B4 = 0x38c
                    0x038c                  _C1RX0B4 = 0x38c
                    0x038e                  C1RX0CON = 0x38e
                    0x038e                  _C1RX0CON = 0x38e
                    0x0390                  C1CTRL = 0x390
                    0x0390                  _C1CTRL = 0x390
                    0x0392                  C1CFG1 = 0x392
                    0x0392                  _C1CFG1 = 0x392
                    0x0394                  C1CFG2 = 0x394
                    0x0394                  _C1CFG2 = 0x394
                    0x0396                  C1INTF = 0x396
                    0x0396                  _C1INTF = 0x396
                    0x0398                  C1INTE = 0x398
                    0x0398                  _C1INTE = 0x398
                    0x039a                  C1EC = 0x39a
                    0x039a                  _C1EC = 0x39a
                    0x039a                  C1RERRCNT = 0x39a
                    0x039a                  _C1RERRCNT = 0x39a
                    0x039b                  C1TERRCNT = 0x39b
                    0x039b                  _C1TERRCNT = 0x39b
                    0x03c0                  C2RXF0SID = 0x3c0
                    0x03c0                  _C2RXF0SID = 0x3c0
                    0x03c2                  C2RXF0EIDH = 0x3c2
                    0x03c2                  _C2RXF0EIDH = 0x3c2